src/pages/AuthPage.tsx(35,30): error TS6133: 'setVerificationCode' is declared but its value is never read.
src/pages/AuthPage.tsx(184,11): error TS6133: 'handleSendCode' is declared but its value is never read.
src/utils/notifications.ts(66,25): error TS2322: Type 'null' is not assignable to type 'Attachment[] | undefined'.
